../Drivers/STM32F1xx_HAL_Driver/Src/stm32f1xx_hal_tim.c:266:19:HAL_TIM_Base_Init	16	static
../Drivers/STM32F1xx_HAL_Driver/Src/stm32f1xx_hal_tim.c:326:19:HAL_TIM_Base_DeInit	16	static
../Drivers/STM32F1xx_HAL_Driver/Src/stm32f1xx_hal_tim.c:369:13:HAL_TIM_Base_MspInit	16	static
../Drivers/STM32F1xx_HAL_Driver/Src/stm32f1xx_hal_tim.c:384:13:HAL_TIM_Base_MspDeInit	16	static
../Drivers/STM32F1xx_HAL_Driver/Src/stm32f1xx_hal_tim.c:400:19:HAL_TIM_Base_Start	24	static
../Drivers/STM32F1xx_HAL_Driver/Src/stm32f1xx_hal_tim.c:439:19:HAL_TIM_Base_Stop	16	static
../Drivers/STM32F1xx_HAL_Driver/Src/stm32f1xx_hal_tim.c:460:19:HAL_TIM_Base_Start_IT	24	static
../Drivers/STM32F1xx_HAL_Driver/Src/stm32f1xx_hal_tim.c:502:19:HAL_TIM_Base_Stop_IT	16	static
../Drivers/STM32F1xx_HAL_Driver/Src/stm32f1xx_hal_tim.c:527:19:HAL_TIM_Base_Start_DMA	32	static
../Drivers/STM32F1xx_HAL_Driver/Src/stm32f1xx_hal_tim.c:596:19:HAL_TIM_Base_Stop_DMA	16	static
../Drivers/STM32F1xx_HAL_Driver/Src/stm32f1xx_hal_tim.c:651:19:HAL_TIM_OC_Init	16	static
../Drivers/STM32F1xx_HAL_Driver/Src/stm32f1xx_hal_tim.c:711:19:HAL_TIM_OC_DeInit	16	static
../Drivers/STM32F1xx_HAL_Driver/Src/stm32f1xx_hal_tim.c:754:13:HAL_TIM_OC_MspInit	16	static
../Drivers/STM32F1xx_HAL_Driver/Src/stm32f1xx_hal_tim.c:769:13:HAL_TIM_OC_MspDeInit	16	static
../Drivers/STM32F1xx_HAL_Driver/Src/stm32f1xx_hal_tim.c:790:19:HAL_TIM_OC_Start	24	static
../Drivers/STM32F1xx_HAL_Driver/Src/stm32f1xx_hal_tim.c:844:19:HAL_TIM_OC_Stop	16	static
../Drivers/STM32F1xx_HAL_Driver/Src/stm32f1xx_hal_tim.c:879:19:HAL_TIM_OC_Start_IT	24	static
../Drivers/STM32F1xx_HAL_Driver/Src/stm32f1xx_hal_tim.c:972:19:HAL_TIM_OC_Stop_IT	24	static
../Drivers/STM32F1xx_HAL_Driver/Src/stm32f1xx_hal_tim.c:1049:19:HAL_TIM_OC_Start_DMA	32	static
../Drivers/STM32F1xx_HAL_Driver/Src/stm32f1xx_hal_tim.c:1213:19:HAL_TIM_OC_Stop_DMA	24	static
../Drivers/STM32F1xx_HAL_Driver/Src/stm32f1xx_hal_tim.c:1316:19:HAL_TIM_PWM_Init	16	static
../Drivers/STM32F1xx_HAL_Driver/Src/stm32f1xx_hal_tim.c:1376:19:HAL_TIM_PWM_DeInit	16	static
../Drivers/STM32F1xx_HAL_Driver/Src/stm32f1xx_hal_tim.c:1419:13:HAL_TIM_PWM_MspInit	16	static
../Drivers/STM32F1xx_HAL_Driver/Src/stm32f1xx_hal_tim.c:1434:13:HAL_TIM_PWM_MspDeInit	16	static
../Drivers/STM32F1xx_HAL_Driver/Src/stm32f1xx_hal_tim.c:1455:19:HAL_TIM_PWM_Start	24	static
../Drivers/STM32F1xx_HAL_Driver/Src/stm32f1xx_hal_tim.c:1509:19:HAL_TIM_PWM_Stop	16	static
../Drivers/STM32F1xx_HAL_Driver/Src/stm32f1xx_hal_tim.c:1544:19:HAL_TIM_PWM_Start_IT	24	static
../Drivers/STM32F1xx_HAL_Driver/Src/stm32f1xx_hal_tim.c:1637:19:HAL_TIM_PWM_Stop_IT	24	static
../Drivers/STM32F1xx_HAL_Driver/Src/stm32f1xx_hal_tim.c:1714:19:HAL_TIM_PWM_Start_DMA	32	static
../Drivers/STM32F1xx_HAL_Driver/Src/stm32f1xx_hal_tim.c:1877:19:HAL_TIM_PWM_Stop_DMA	24	static
../Drivers/STM32F1xx_HAL_Driver/Src/stm32f1xx_hal_tim.c:1980:19:HAL_TIM_IC_Init	16	static
../Drivers/STM32F1xx_HAL_Driver/Src/stm32f1xx_hal_tim.c:2040:19:HAL_TIM_IC_DeInit	16	static
../Drivers/STM32F1xx_HAL_Driver/Src/stm32f1xx_hal_tim.c:2083:13:HAL_TIM_IC_MspInit	16	static
../Drivers/STM32F1xx_HAL_Driver/Src/stm32f1xx_hal_tim.c:2098:13:HAL_TIM_IC_MspDeInit	16	static
../Drivers/STM32F1xx_HAL_Driver/Src/stm32f1xx_hal_tim.c:2119:19:HAL_TIM_IC_Start	24	static
../Drivers/STM32F1xx_HAL_Driver/Src/stm32f1xx_hal_tim.c:2171:19:HAL_TIM_IC_Stop	16	static
../Drivers/STM32F1xx_HAL_Driver/Src/stm32f1xx_hal_tim.c:2201:19:HAL_TIM_IC_Start_IT	24	static
../Drivers/STM32F1xx_HAL_Driver/Src/stm32f1xx_hal_tim.c:2293:19:HAL_TIM_IC_Stop_IT	24	static
../Drivers/STM32F1xx_HAL_Driver/Src/stm32f1xx_hal_tim.c:2365:19:HAL_TIM_IC_Start_DMA	32	static
../Drivers/STM32F1xx_HAL_Driver/Src/stm32f1xx_hal_tim.c:2524:19:HAL_TIM_IC_Stop_DMA	24	static
../Drivers/STM32F1xx_HAL_Driver/Src/stm32f1xx_hal_tim.c:2629:19:HAL_TIM_OnePulse_Init	16	static
../Drivers/STM32F1xx_HAL_Driver/Src/stm32f1xx_hal_tim.c:2698:19:HAL_TIM_OnePulse_DeInit	16	static
../Drivers/STM32F1xx_HAL_Driver/Src/stm32f1xx_hal_tim.c:2743:13:HAL_TIM_OnePulse_MspInit	16	static
../Drivers/STM32F1xx_HAL_Driver/Src/stm32f1xx_hal_tim.c:2758:13:HAL_TIM_OnePulse_MspDeInit	16	static
../Drivers/STM32F1xx_HAL_Driver/Src/stm32f1xx_hal_tim.c:2778:19:HAL_TIM_OnePulse_Start	24	static
../Drivers/STM32F1xx_HAL_Driver/Src/stm32f1xx_hal_tim.c:2835:19:HAL_TIM_OnePulse_Stop	16	static
../Drivers/STM32F1xx_HAL_Driver/Src/stm32f1xx_hal_tim.c:2878:19:HAL_TIM_OnePulse_Start_IT	24	static
../Drivers/STM32F1xx_HAL_Driver/Src/stm32f1xx_hal_tim.c:2941:19:HAL_TIM_OnePulse_Stop_IT	16	static
../Drivers/STM32F1xx_HAL_Driver/Src/stm32f1xx_hal_tim.c:3020:19:HAL_TIM_Encoder_Init	32	static
../Drivers/STM32F1xx_HAL_Driver/Src/stm32f1xx_hal_tim.c:3134:19:HAL_TIM_Encoder_DeInit	16	static
../Drivers/STM32F1xx_HAL_Driver/Src/stm32f1xx_hal_tim.c:3179:13:HAL_TIM_Encoder_MspInit	16	static
../Drivers/STM32F1xx_HAL_Driver/Src/stm32f1xx_hal_tim.c:3194:13:HAL_TIM_Encoder_MspDeInit	16	static
../Drivers/STM32F1xx_HAL_Driver/Src/stm32f1xx_hal_tim.c:3214:19:HAL_TIM_Encoder_Start	24	static
../Drivers/STM32F1xx_HAL_Driver/Src/stm32f1xx_hal_tim.c:3308:19:HAL_TIM_Encoder_Stop	16	static
../Drivers/STM32F1xx_HAL_Driver/Src/stm32f1xx_hal_tim.c:3368:19:HAL_TIM_Encoder_Start_IT	24	static
../Drivers/STM32F1xx_HAL_Driver/Src/stm32f1xx_hal_tim.c:3468:19:HAL_TIM_Encoder_Stop_IT	16	static
../Drivers/STM32F1xx_HAL_Driver/Src/stm32f1xx_hal_tim.c:3533:19:HAL_TIM_Encoder_Start_DMA	32	static
../Drivers/STM32F1xx_HAL_Driver/Src/stm32f1xx_hal_tim.c:3746:19:HAL_TIM_Encoder_Stop_DMA	16	static
../Drivers/STM32F1xx_HAL_Driver/Src/stm32f1xx_hal_tim.c:3824:6:HAL_TIM_IRQHandler	16	static
../Drivers/STM32F1xx_HAL_Driver/Src/stm32f1xx_hal_tim.c:4039:19:HAL_TIM_OC_ConfigChannel	32	static
../Drivers/STM32F1xx_HAL_Driver/Src/stm32f1xx_hal_tim.c:4118:19:HAL_TIM_IC_ConfigChannel	32	static
../Drivers/STM32F1xx_HAL_Driver/Src/stm32f1xx_hal_tim.c:4217:19:HAL_TIM_PWM_ConfigChannel	32	static
../Drivers/STM32F1xx_HAL_Driver/Src/stm32f1xx_hal_tim.c:4331:19:HAL_TIM_OnePulse_ConfigChannel	56	static
../Drivers/STM32F1xx_HAL_Driver/Src/stm32f1xx_hal_tim.c:4479:19:HAL_TIM_DMABurst_WriteStart	40	static
../Drivers/STM32F1xx_HAL_Driver/Src/stm32f1xx_hal_tim.c:4531:19:HAL_TIM_DMABurst_MultiWriteStart	32	static
../Drivers/STM32F1xx_HAL_Driver/Src/stm32f1xx_hal_tim.c:4715:19:HAL_TIM_DMABurst_WriteStop	24	static
../Drivers/STM32F1xx_HAL_Driver/Src/stm32f1xx_hal_tim.c:4816:19:HAL_TIM_DMABurst_ReadStart	40	static
../Drivers/STM32F1xx_HAL_Driver/Src/stm32f1xx_hal_tim.c:4867:19:HAL_TIM_DMABurst_MultiReadStart	32	static
../Drivers/STM32F1xx_HAL_Driver/Src/stm32f1xx_hal_tim.c:5051:19:HAL_TIM_DMABurst_ReadStop	24	static
../Drivers/STM32F1xx_HAL_Driver/Src/stm32f1xx_hal_tim.c:5134:19:HAL_TIM_GenerateEvent	16	static
../Drivers/STM32F1xx_HAL_Driver/Src/stm32f1xx_hal_tim.c:5171:19:HAL_TIM_ConfigOCrefClear	32	static
../Drivers/STM32F1xx_HAL_Driver/Src/stm32f1xx_hal_tim.c:5301:19:HAL_TIM_ConfigClockSource	24	static
../Drivers/STM32F1xx_HAL_Driver/Src/stm32f1xx_hal_tim.c:5455:19:HAL_TIM_ConfigTI1Input	24	static
../Drivers/STM32F1xx_HAL_Driver/Src/stm32f1xx_hal_tim.c:5487:19:HAL_TIM_SlaveConfigSynchro	16	static
../Drivers/STM32F1xx_HAL_Driver/Src/stm32f1xx_hal_tim.c:5527:19:HAL_TIM_SlaveConfigSynchro_IT	16	static
../Drivers/STM32F1xx_HAL_Driver/Src/stm32f1xx_hal_tim.c:5570:10:HAL_TIM_ReadCapturedValue	24	static
../Drivers/STM32F1xx_HAL_Driver/Src/stm32f1xx_hal_tim.c:5654:13:HAL_TIM_PeriodElapsedCallback	16	static
../Drivers/STM32F1xx_HAL_Driver/Src/stm32f1xx_hal_tim.c:5669:13:HAL_TIM_PeriodElapsedHalfCpltCallback	16	static
../Drivers/STM32F1xx_HAL_Driver/Src/stm32f1xx_hal_tim.c:5684:13:HAL_TIM_OC_DelayElapsedCallback	16	static
../Drivers/STM32F1xx_HAL_Driver/Src/stm32f1xx_hal_tim.c:5699:13:HAL_TIM_IC_CaptureCallback	16	static
../Drivers/STM32F1xx_HAL_Driver/Src/stm32f1xx_hal_tim.c:5714:13:HAL_TIM_IC_CaptureHalfCpltCallback	16	static
../Drivers/STM32F1xx_HAL_Driver/Src/stm32f1xx_hal_tim.c:5729:13:HAL_TIM_PWM_PulseFinishedCallback	16	static
../Drivers/STM32F1xx_HAL_Driver/Src/stm32f1xx_hal_tim.c:5744:13:HAL_TIM_PWM_PulseFinishedHalfCpltCallback	16	static
../Drivers/STM32F1xx_HAL_Driver/Src/stm32f1xx_hal_tim.c:5759:13:HAL_TIM_TriggerCallback	16	static
../Drivers/STM32F1xx_HAL_Driver/Src/stm32f1xx_hal_tim.c:5774:13:HAL_TIM_TriggerHalfCpltCallback	16	static
../Drivers/STM32F1xx_HAL_Driver/Src/stm32f1xx_hal_tim.c:5789:13:HAL_TIM_ErrorCallback	16	static
../Drivers/STM32F1xx_HAL_Driver/Src/stm32f1xx_hal_tim.c:6336:22:HAL_TIM_Base_GetState	16	static
../Drivers/STM32F1xx_HAL_Driver/Src/stm32f1xx_hal_tim.c:6346:22:HAL_TIM_OC_GetState	16	static
../Drivers/STM32F1xx_HAL_Driver/Src/stm32f1xx_hal_tim.c:6356:22:HAL_TIM_PWM_GetState	16	static
../Drivers/STM32F1xx_HAL_Driver/Src/stm32f1xx_hal_tim.c:6366:22:HAL_TIM_IC_GetState	16	static
../Drivers/STM32F1xx_HAL_Driver/Src/stm32f1xx_hal_tim.c:6376:22:HAL_TIM_OnePulse_GetState	16	static
../Drivers/STM32F1xx_HAL_Driver/Src/stm32f1xx_hal_tim.c:6386:22:HAL_TIM_Encoder_GetState	16	static
../Drivers/STM32F1xx_HAL_Driver/Src/stm32f1xx_hal_tim.c:6396:23:HAL_TIM_GetActiveChannel	16	static
../Drivers/STM32F1xx_HAL_Driver/Src/stm32f1xx_hal_tim.c:6414:29:HAL_TIM_GetChannelState	24	static
../Drivers/STM32F1xx_HAL_Driver/Src/stm32f1xx_hal_tim.c:6431:30:HAL_TIM_DMABurstState	16	static
../Drivers/STM32F1xx_HAL_Driver/Src/stm32f1xx_hal_tim.c:6456:6:TIM_DMAError	24	static
../Drivers/STM32F1xx_HAL_Driver/Src/stm32f1xx_hal_tim.c:6499:13:TIM_DMADelayPulseCplt	24	static
../Drivers/STM32F1xx_HAL_Driver/Src/stm32f1xx_hal_tim.c:6558:6:TIM_DMADelayPulseHalfCplt	24	static
../Drivers/STM32F1xx_HAL_Driver/Src/stm32f1xx_hal_tim.c:6597:6:TIM_DMACaptureCplt	24	static
../Drivers/STM32F1xx_HAL_Driver/Src/stm32f1xx_hal_tim.c:6660:6:TIM_DMACaptureHalfCplt	24	static
../Drivers/STM32F1xx_HAL_Driver/Src/stm32f1xx_hal_tim.c:6699:13:TIM_DMAPeriodElapsedCplt	24	static
../Drivers/STM32F1xx_HAL_Driver/Src/stm32f1xx_hal_tim.c:6720:13:TIM_DMAPeriodElapsedHalfCplt	24	static
../Drivers/STM32F1xx_HAL_Driver/Src/stm32f1xx_hal_tim.c:6736:13:TIM_DMATriggerCplt	24	static
../Drivers/STM32F1xx_HAL_Driver/Src/stm32f1xx_hal_tim.c:6757:13:TIM_DMATriggerHalfCplt	24	static
../Drivers/STM32F1xx_HAL_Driver/Src/stm32f1xx_hal_tim.c:6774:6:TIM_Base_SetConfig	24	static
../Drivers/STM32F1xx_HAL_Driver/Src/stm32f1xx_hal_tim.c:6822:13:TIM_OC1_SetConfig	32	static
../Drivers/STM32F1xx_HAL_Driver/Src/stm32f1xx_hal_tim.c:6898:6:TIM_OC2_SetConfig	32	static
../Drivers/STM32F1xx_HAL_Driver/Src/stm32f1xx_hal_tim.c:6975:13:TIM_OC3_SetConfig	32	static
../Drivers/STM32F1xx_HAL_Driver/Src/stm32f1xx_hal_tim.c:7050:13:TIM_OC4_SetConfig	32	static
../Drivers/STM32F1xx_HAL_Driver/Src/stm32f1xx_hal_tim.c:7111:26:TIM_SlaveTimer_SetConfig	32	static
../Drivers/STM32F1xx_HAL_Driver/Src/stm32f1xx_hal_tim.c:7245:6:TIM_TI1_SetConfig	32	static
../Drivers/STM32F1xx_HAL_Driver/Src/stm32f1xx_hal_tim.c:7292:13:TIM_TI1_ConfigInputStage	32	static
../Drivers/STM32F1xx_HAL_Driver/Src/stm32f1xx_hal_tim.c:7335:13:TIM_TI2_SetConfig	32	static
../Drivers/STM32F1xx_HAL_Driver/Src/stm32f1xx_hal_tim.c:7375:13:TIM_TI2_ConfigInputStage	32	static
../Drivers/STM32F1xx_HAL_Driver/Src/stm32f1xx_hal_tim.c:7417:13:TIM_TI3_SetConfig	32	static
../Drivers/STM32F1xx_HAL_Driver/Src/stm32f1xx_hal_tim.c:7464:13:TIM_TI4_SetConfig	32	static
../Drivers/STM32F1xx_HAL_Driver/Src/stm32f1xx_hal_tim.c:7507:13:TIM_ITRx_SetConfig	24	static
../Drivers/STM32F1xx_HAL_Driver/Src/stm32f1xx_hal_tim.c:7537:6:TIM_ETR_SetConfig	32	static
../Drivers/STM32F1xx_HAL_Driver/Src/stm32f1xx_hal_tim.c:7567:6:TIM_CCxChannelCmd	32	static
