19:40:57 **** Incremental Build of configuration Debug for project servo_motor ****
make -j8 all 
arm-none-eabi-gcc "../Core/Src/main.c" -mcpu=cortex-m3 -std=gnu11 -g3 -DDEBUG -DUSE_HAL_DRIVER -DSTM32F103xB -c -I../Core/Inc -I../Drivers/STM32F1xx_HAL_Driver/Inc/Legacy -I../Drivers/STM32F1xx_HAL_Driver/Inc -I../Drivers/CMSIS/Device/ST/STM32F1xx/Include -I../Drivers/CMSIS/Include -O0 -ffunction-sections -fdata-sections -Wall -fstack-usage -fcyclomatic-complexity -MMD -MP -MF"Core/Src/main.d" -MT"Core/Src/main.o" --specs=nano.specs -mfloat-abi=soft -mthumb -o "Core/Src/main.o"
arm-none-eabi-gcc -o "servo_motor.elf" @"objects.list"   -mcpu=cortex-m3 -T"C:\Users\yuhyun97\STM32CubeIDE\workspace_1.13.0\servo_motor\STM32F103C8TX_FLASH.ld" --specs=nosys.specs -Wl,-Map="servo_motor.map" -Wl,--gc-sections -static --specs=nano.specs -mfloat-abi=soft -mthumb -Wl,--start-group -lc -lm -Wl,--end-group
Finished building target: servo_motor.elf
 
arm-none-eabi-size   servo_motor.elf 
arm-none-eabi-objdump -h -S  servo_motor.elf  > "servo_motor.list"
arm-none-eabi-objcopy  -O ihex  servo_motor.elf  "servo_motor.hex"
arm-none-eabi-objcopy  -O binary  servo_motor.elf  "servo_motor.bin"
   text	   data	    bss	    dec	    hex	filename
   8152	     20	   1644	   9816	   2658	servo_motor.elf
Finished building: default.size.stdout
 
Finished building: servo_motor.list
 
Finished building: servo_motor.bin
Finished building: servo_motor.hex
 
 

19:41:00 Build Finished. 0 errors, 0 warnings. (took 2s.884ms)

