20:15:19 **** Incremental Build of configuration Debug for project UART_test ****
make -j8 all 
arm-none-eabi-gcc "../Core/Src/main.c" -mcpu=cortex-m3 -std=gnu11 -g3 -DDEBUG -DUSE_HAL_DRIVER -DSTM32F103xB -c -I../Core/Inc -I../Drivers/STM32F1xx_HAL_Driver/Inc/Legacy -I../Drivers/STM32F1xx_HAL_Driver/Inc -I../Drivers/CMSIS/Device/ST/STM32F1xx/Include -I../Drivers/CMSIS/Include -O0 -ffunction-sections -fdata-sections -Wall -fstack-usage -fcyclomatic-complexity -MMD -MP -MF"Core/Src/main.d" -MT"Core/Src/main.o" --specs=nano.specs -mfloat-abi=soft -mthumb -o "Core/Src/main.o"
arm-none-eabi-gcc -o "UART_test.elf" @"objects.list"   -mcpu=cortex-m3 -T"C:\Users\yuhyun97\STM32CubeIDE\workspace_1.13.0\UART_test\STM32F103C8TX_FLASH.ld" --specs=nosys.specs -Wl,-Map="UART_test.map" -Wl,--gc-sections -static --specs=nano.specs -mfloat-abi=soft -mthumb -Wl,--start-group -lc -lm -Wl,--end-group
Finished building target: UART_test.elf
 
arm-none-eabi-size   UART_test.elf 
arm-none-eabi-objdump -h -S  UART_test.elf  > "UART_test.list"
arm-none-eabi-objcopy  -O ihex  UART_test.elf  "UART_test.hex"
arm-none-eabi-objcopy  -O binary  UART_test.elf  "UART_test.bin"
   text	   data	    bss	    dec	    hex	filename
   5968	     20	   1644	   7632	   1dd0	UART_test.elf
Finished building: default.size.stdout
 
Finished building: UART_test.bin
Finished building: UART_test.hex
 
 
Finished building: UART_test.list
 

20:15:23 Build Finished. 0 errors, 0 warnings. (took 3s.162ms)

