21:53:36 **** Incremental Build of configuration Debug for project ultrasonic sensor ****
make -j8 all 
arm-none-eabi-gcc "../Drivers/STM32F1xx_HAL_Driver/Src/stm32f1xx_hal_tim.c" -mcpu=cortex-m3 -std=gnu11 -g3 -DDEBUG -DUSE_HAL_DRIVER -DSTM32F103xB -c -I../Core/Inc -I../Drivers/STM32F1xx_HAL_Driver/Inc/Legacy -I../Drivers/STM32F1xx_HAL_Driver/Inc -I../Drivers/CMSIS/Device/ST/STM32F1xx/Include -I../Drivers/CMSIS/Include -O0 -ffunction-sections -fdata-sections -Wall -fstack-usage -fcyclomatic-complexity -MMD -MP -MF"Drivers/STM32F1xx_HAL_Driver/Src/stm32f1xx_hal_tim.d" -MT"Drivers/STM32F1xx_HAL_Driver/Src/stm32f1xx_hal_tim.o" --specs=nano.specs -mfloat-abi=soft -mthumb -o "Drivers/STM32F1xx_HAL_Driver/Src/stm32f1xx_hal_tim.o"
arm-none-eabi-gcc -o "ultrasonic sensor.elf" @"objects.list"   -mcpu=cortex-m3 -T"C:\Users\yuhyun97\STM32CubeIDE\workspace_1.13.0\ultrasonic sensor\STM32F103C8TX_FLASH.ld" --specs=nosys.specs -Wl,-Map="ultrasonic sensor.map" -Wl,--gc-sections -static --specs=nano.specs -mfloat-abi=soft -mthumb -Wl,--start-group -lc -lm -Wl,--end-group
Finished building target: ultrasonic sensor.elf
 
arm-none-eabi-size   ultrasonic\ sensor.elf 
arm-none-eabi-objdump -h -S  ultrasonic\ sensor.elf  > "ultrasonic sensor.list"
arm-none-eabi-objcopy  -O ihex  ultrasonic\ sensor.elf  "ultrasonic sensor.hex"
arm-none-eabi-objcopy  -O binary  ultrasonic\ sensor.elf  "ultrasonic sensor.bin"
   text	   data	    bss	    dec	    hex	filename
  11436	     20	   1660	  13116	   333c	ultrasonic sensor.elf
Finished building: default.size.stdout
 
Finished building: ultrasonic sensor.hex
Finished building: ultrasonic sensor.bin
 
 
Finished building: ultrasonic sensor.list
 

21:53:39 Build Finished. 0 errors, 0 warnings. (took 2s.746ms)

